// Jest Snapshot v1, https://goo.gl/fbAQLP

exports[`Search product initial renders properly 1`] = `
"<Container style={{...}} fluid={false}>
  <ForwardRef noGutters={false}>
    <Col xs={true} sm={true} md={12} lg={true}>
      <ProductLi className=\\"flex-column flex-sm-row flex-md-row justify-content-between\\">
        <Col xs={12} sm={5} md={5}>
          <ProductImg src=\\"product/img/url\\" alt=\\"product\\" />
        </Col>
        <Col xs={12} sm={1} md={2}>
           
          <ProductPrice>
            product price
             GBP
          </ProductPrice>
        </Col>
        <Col xs={12} sm={6} md={5}>
           
          <ProductName>
            product name
          </ProductName>
        </Col>
      </ProductLi>
    </Col>
  </ForwardRef>
</Container>"
`;
